Simple Insurgency Sandstorm Server Manager - SISSM
Compiling SISSM from Source:  Linux
JS Scheorder - last revised:  2019.09.03 
=====================

This instruction is for Debian/Ubuntu tree.  Your commands may differ
for other branches of Linux such as Redhat.


1) Install compile tools

$ sudo apt-get install build-essential unzip git

2) Unzip or git-clone sissm/src

$ md ~/[your work area]
$ cd ~/[your work area]

$ unzip [SISSM release source].zip
    or
$ git clone https://github.com/schroeder-lvb/sissm.git

This will create a 'src' subfolderw under [your work area] containing
all source files, and 'Makefile' will appear at ~/[your work area]

3) Change "#define SISSM_RESTRICTED" value (0 or 1) for the SISSM variant you wish to build.

$ cd ~/[your work area]/sissm
$ vi src/sissm.c

4) Compile to generate 'sissm' binary

$ cd ~/[your work area]/sissm
$ make clean
$ make

If there are no errors, you will find 'sissm' binary executable
in the folder ~/[your work area]/sissm/build


